fatal error: 15 is an invalid width for raidz3 and 2 spares
