fatal error: too many spares (1) for this disk configuration
