fatal error: too many spares (2) for this disk configuration
