{
	"spares": [
		{
			"name": "disk7",
			"vid": "MFG",
			"pid": "DISK",
			"size": "600127266816",
			"solid_state": false
		},
		{
			"name": "disk8",
			"vid": "MFG",
			"pid": "DISK",
			"size": "600127266816",
			"solid_state": false
		},
		{
			"name": "disk9",
			"vid": "MFG",
			"pid": "DISK",
			"size": "600127266816",
			"solid_state": false
		}
	],
	"vdevs": [
		{
			"type": "raidz2",
			"devices": [
				{
					"name": "disk1",
					"vid": "MFG",
					"pid": "DISK",
					"size": "600127266816",
					"solid_state": false
				},
				{
					"name": "disk10",
					"vid": "MFG",
					"pid": "DISK",
					"size": "600127266816",
					"solid_state": false
				},
				{
					"name": "disk11",
					"vid": "MFG",
					"pid": "DISK",
					"size": "600127266816",
					"solid_state": false
				},
				{
					"name": "disk12",
					"vid": "MFG",
					"pid": "DISK",
					"size": "600127266816",
					"solid_state": false
				},
				{
					"name": "disk13",
					"vid": "MFG",
					"pid": "DISK",
					"size": "600127266816",
					"solid_state": false
				},
				{
					"name": "disk14",
					"vid": "MFG",
					"pid": "DISK",
					"size": "600127266816",
					"solid_state": false
				},
				{
					"name": "disk15",
					"vid": "MFG",
					"pid": "DISK",
					"size": "600127266816",
					"solid_state": false
				},
				{
					"name": "disk16",
					"vid": "MFG",
					"pid": "DISK",
					"size": "600127266816",
					"solid_state": false
				}
			]
		},
		{
			"type": "raidz2",
			"devices": [
				{
					"name": "disk17",
					"vid": "MFG",
					"pid": "DISK",
					"size": "600127266816",
					"solid_state": false
				},
				{
					"name": "disk18",
					"vid": "MFG",
					"pid": "DISK",
					"size": "600127266816",
					"solid_state": false
				},
				{
					"name": "disk19",
					"vid": "MFG",
					"pid": "DISK",
					"size": "600127266816",
					"solid_state": false
				},
				{
					"name": "disk2",
					"vid": "MFG",
					"pid": "DISK",
					"size": "600127266816",
					"solid_state": false
				},
				{
					"name": "disk20",
					"vid": "MFG",
					"pid": "DISK",
					"size": "600127266816",
					"solid_state": false
				},
				{
					"name": "disk21",
					"vid": "MFG",
					"pid": "DISK",
					"size": "600127266816",
					"solid_state": false
				},
				{
					"name": "disk22",
					"vid": "MFG",
					"pid": "DISK",
					"size": "600127266816",
					"solid_state": false
				},
				{
					"name": "disk23",
					"vid": "MFG",
					"pid": "DISK",
					"size": "600127266816",
					"solid_state": false
				}
			]
		},
		{
			"type": "raidz2",
			"devices": [
				{
					"name": "disk24",
					"vid": "MFG",
					"pid": "DISK",
					"size": "600127266816",
					"solid_state": false
				},
				{
					"name": "disk25",
					"vid": "MFG",
					"pid": "DISK",
					"size": "600127266816",
					"solid_state": false
				},
				{
					"name": "disk26",
					"vid": "MFG",
					"pid": "DISK",
					"size": "600127266816",
					"solid_state": false
				},
				{
					"name": "disk27",
					"vid": "MFG",
					"pid": "DISK",
					"size": "600127266816",
					"solid_state": false
				},
				{
					"name": "disk28",
					"vid": "MFG",
					"pid": "DISK",
					"size": "600127266816",
					"solid_state": false
				},
				{
					"name": "disk29",
					"vid": "MFG",
					"pid": "DISK",
					"size": "600127266816",
					"solid_state": false
				},
				{
					"name": "disk3",
					"vid": "MFG",
					"pid": "DISK",
					"size": "600127266816",
					"solid_state": false
				},
				{
					"name": "disk30",
					"vid": "MFG",
					"pid": "DISK",
					"size": "600127266816",
					"solid_state": false
				}
			]
		},
		{
			"type": "raidz2",
			"devices": [
				{
					"name": "disk31",
					"vid": "MFG",
					"pid": "DISK",
					"size": "600127266816",
					"solid_state": false
				},
				{
					"name": "disk32",
					"vid": "MFG",
					"pid": "DISK",
					"size": "600127266816",
					"solid_state": false
				},
				{
					"name": "disk33",
					"vid": "MFG",
					"pid": "DISK",
					"size": "600127266816",
					"solid_state": false
				},
				{
					"name": "disk34",
					"vid": "MFG",
					"pid": "DISK",
					"size": "600127266816",
					"solid_state": false
				},
				{
					"name": "disk35",
					"vid": "MFG",
					"pid": "DISK",
					"size": "600127266816",
					"solid_state": false
				},
				{
					"name": "disk36",
					"vid": "MFG",
					"pid": "DISK",
					"size": "600127266816",
					"solid_state": false
				},
				{
					"name": "disk37",
					"vid": "MFG",
					"pid": "DISK",
					"size": "600127266816",
					"solid_state": false
				},
				{
					"name": "disk38",
					"vid": "MFG",
					"pid": "DISK",
					"size": "600127266816",
					"solid_state": false
				}
			]
		},
		{
			"type": "raidz2",
			"devices": [
				{
					"name": "disk39",
					"vid": "MFG",
					"pid": "DISK",
					"size": "600127266816",
					"solid_state": false
				},
				{
					"name": "disk4",
					"vid": "MFG",
					"pid": "DISK",
					"size": "600127266816",
					"solid_state": false
				},
				{
					"name": "disk40",
					"vid": "MFG",
					"pid": "DISK",
					"size": "600127266816",
					"solid_state": false
				},
				{
					"name": "disk41",
					"vid": "MFG",
					"pid": "DISK",
					"size": "600127266816",
					"solid_state": false
				},
				{
					"name": "disk42",
					"vid": "MFG",
					"pid": "DISK",
					"size": "600127266816",
					"solid_state": false
				},
				{
					"name": "disk43",
					"vid": "MFG",
					"pid": "DISK",
					"size": "600127266816",
					"solid_state": false
				},
				{
					"name": "disk5",
					"vid": "MFG",
					"pid": "DISK",
					"size": "600127266816",
					"solid_state": false
				},
				{
					"name": "disk6",
					"vid": "MFG",
					"pid": "DISK",
					"size": "600127266816",
					"solid_state": false
				}
			]
		}
	],
	"capacity": 18003818004480,
	"logs": [
		{
			"name": "disk0",
			"vid": "MFG",
			"pid": "SSD",
			"size": "100030242816",
			"solid_state": true
		}
	]
}
