fatal error: 3 is an invalid width for mirroring and 2 disks
