fatal error: invalid number of spares (1) for this disk configuration
