fatal error: no acceptable raidz layout is possible with 7 disks
