fatal error: 6 is an invalid width for raidz and 2 spares
