{
	"spares": [
		{
			"name": "disk7",
			"vid": "MFG",
			"pid": "DISK",
			"size": "600127266816",
			"solid_state": false
		}
	],
	"vdevs": [
		{
			"type": "mirror",
			"devices": [
				{
					"name": "disk1",
					"vid": "MFG",
					"pid": "DISK",
					"size": "600127266816",
					"solid_state": false
				},
				{
					"name": "disk2",
					"vid": "MFG",
					"pid": "DISK",
					"size": "600127266816",
					"solid_state": false
				}
			]
		},
		{
			"type": "mirror",
			"devices": [
				{
					"name": "disk3",
					"vid": "MFG",
					"pid": "DISK",
					"size": "600127266816",
					"solid_state": false
				},
				{
					"name": "disk4",
					"vid": "MFG",
					"pid": "DISK",
					"size": "600127266816",
					"solid_state": false
				}
			]
		},
		{
			"type": "mirror",
			"devices": [
				{
					"name": "disk5",
					"vid": "MFG",
					"pid": "DISK",
					"size": "600127266816",
					"solid_state": false
				},
				{
					"name": "disk6",
					"vid": "MFG",
					"pid": "DISK",
					"size": "600127266816",
					"solid_state": false
				}
			]
		}
	],
	"capacity": 1800381800448,
	"logs": [
		{
			"name": "disk0",
			"vid": "MFG",
			"pid": "SSD",
			"size": "100030242816",
			"solid_state": true
		}
	]
}
