{
	"spares": [
		{
			"name": "diske",
			"vid": "ATA",
			"pid": "INTEL SSDSC2BX01",
			"size": "1600321314816",
			"solid_state": true
		},
		{
			"name": "diskf",
			"vid": "ATA",
			"pid": "INTEL SSDSC2BX01",
			"size": "1600321314816",
			"solid_state": true
		}
	],
	"vdevs": [
		{
			"type": "mirror",
			"devices": [
				{
					"name": "disk0",
					"vid": "ATA",
					"pid": "INTEL SSDSC2BX01",
					"size": "1600321314816",
					"solid_state": true
				},
				{
					"name": "disk1",
					"vid": "ATA",
					"pid": "INTEL SSDSC2BX01",
					"size": "1600321314816",
					"solid_state": true
				}
			]
		},
		{
			"type": "mirror",
			"devices": [
				{
					"name": "disk2",
					"vid": "ATA",
					"pid": "INTEL SSDSC2BX01",
					"size": "1600321314816",
					"solid_state": true
				},
				{
					"name": "disk3",
					"vid": "ATA",
					"pid": "INTEL SSDSC2BX01",
					"size": "1600321314816",
					"solid_state": true
				}
			]
		},
		{
			"type": "mirror",
			"devices": [
				{
					"name": "disk4",
					"vid": "ATA",
					"pid": "INTEL SSDSC2BX01",
					"size": "1600321314816",
					"solid_state": true
				},
				{
					"name": "disk5",
					"vid": "ATA",
					"pid": "INTEL SSDSC2BX01",
					"size": "1600321314816",
					"solid_state": true
				}
			]
		},
		{
			"type": "mirror",
			"devices": [
				{
					"name": "disk6",
					"vid": "ATA",
					"pid": "INTEL SSDSC2BX01",
					"size": "1600321314816",
					"solid_state": true
				},
				{
					"name": "disk7",
					"vid": "ATA",
					"pid": "INTEL SSDSC2BX01",
					"size": "1600321314816",
					"solid_state": true
				}
			]
		},
		{
			"type": "mirror",
			"devices": [
				{
					"name": "disk8",
					"vid": "ATA",
					"pid": "INTEL SSDSC2BX01",
					"size": "1600321314816",
					"solid_state": true
				},
				{
					"name": "disk9",
					"vid": "ATA",
					"pid": "INTEL SSDSC2BX01",
					"size": "1600321314816",
					"solid_state": true
				}
			]
		},
		{
			"type": "mirror",
			"devices": [
				{
					"name": "diska",
					"vid": "ATA",
					"pid": "INTEL SSDSC2BX01",
					"size": "1600321314816",
					"solid_state": true
				},
				{
					"name": "diskb",
					"vid": "ATA",
					"pid": "INTEL SSDSC2BX01",
					"size": "1600321314816",
					"solid_state": true
				}
			]
		},
		{
			"type": "mirror",
			"devices": [
				{
					"name": "diskc",
					"vid": "ATA",
					"pid": "INTEL SSDSC2BX01",
					"size": "1600321314816",
					"solid_state": true
				},
				{
					"name": "diskd",
					"vid": "ATA",
					"pid": "INTEL SSDSC2BX01",
					"size": "1600321314816",
					"solid_state": true
				}
			]
		}
	],
	"capacity": 11202249203712
}
