fatal error: invalid number of spares (0) for this disk configuration
